COMMAND	npm run build
START	2026-07-25T22:27:23Z

> bill-control@0.1.0 build
> next build

▲ Next.js 16.2.12 (Turbopack)

  Creating an optimized production build ...
✓ Compiled successfully in 2.1s
  Running TypeScript ...
  Finished TypeScript in 3.3s ...
  Collecting page data using 4 workers ...
  Generating static pages using 4 workers (0/3) ...
✓ Generating static pages using 4 workers (3/3) in 287ms
  Finalizing page optimization ...

Route (app)
┌ ƒ /
└ ○ /_not-found


○  (Static)   prerendered as static content
ƒ  (Dynamic)  server-rendered on demand


END	2026-07-25T22:27:31Z
DURATION_SECONDS	8
EXIT_CODE	0
