
> bill-control@0.1.0 build:sites
> WRANGLER_LOG_PATH=.wrangler/wrangler.log vinext build


  vinext build  (Vite 8.1.5)

[1/5] analyze client references...
[2Ktransforming...✓ 133 modules transformed.
rendering chunks...
✓ built in 643ms
[2/5] analyze server references...
[2Ktransforming...✓ 136 modules transformed.
rendering chunks...
✓ built in 89ms
[3/5] build rsc environment...
[2Ktransforming...✓ 139 modules transformed.
rendering chunks...
computing gzip size...
✓ built in 206ms
[4/5] build client environment...
[2Ktransforming...✓ 1588 modules transformed.
rendering chunks...
computing gzip size...
✓ built in 386ms
[5/5] build ssr environment...
[2Ktransforming...✓ 142 modules transformed.
rendering chunks...
computing gzip size...
✓ built in 205ms
[0m
  Route (app)
  ─ ? /

  ? Unknown

  ? Some routes could not be classified. vinext currently uses static analysis
    and cannot detect dynamic API usage (headers(), cookies(), etc.) at build time.
    Automatic classification will be improved in a future release.

  Build complete. Run `vinext start` to start the production server.

